// Jest Snapshot v1, https://goo.gl/fbAQLP

exports[`CalendarHeader render 1`] = `
<View
  style={
    {
      "alignItems": "center",
      "flexDirection": "row",
      "justifyContent": "center",
      "paddingTop": 18,
    }
  }
>
  <View
    accessibilityLabel="calendarLeftArrow"
    accessibilityState={
      {
        "busy": undefined,
        "checked": undefined,
        "disabled": undefined,
        "expanded": undefined,
        "selected": undefined,
      }
    }
    accessibilityValue={
      {
        "max": undefined,
        "min": undefined,
        "now": undefined,
        "text": undefined,
      }
    }
    accessible={true}
    collapsable={false}
    focusable={true}
    onBlur={[Function]}
    onClick={[Function]}
    onFocus={[Function]}
    onResponderGrant={[Function]}
    onResponderMove={[Function]}
    onResponderRelease={[Function]}
    onResponderTerminate={[Function]}
    onResponderTerminationRequest={[Function]}
    onStartShouldSetResponder={[Function]}
  >
    <Text
      allowFontScaling={true}
      style={
        {
          "color": "#5E6678",
          "fontFamily": "Neotis",
          "fontSize": 36,
        }
      }
    >
      
    </Text>
  </View>
  <View
    style={
      {
        "alignItems": "center",
        "flexDirection": "row",
        "justifyContent": "center",
        "width": 240,
      }
    }
  >
    <View
      accessibilityLabel="calendarPressTitleMonth"
      accessibilityState={
        {
          "busy": undefined,
          "checked": undefined,
          "disabled": undefined,
          "expanded": undefined,
          "selected": undefined,
        }
      }
      accessibilityValue={
        {
          "max": undefined,
          "min": undefined,
          "now": undefined,
          "text": undefined,
        }
      }
      accessible={true}
      collapsable={false}
      focusable={true}
      onClick={[Function]}
      onResponderGrant={[Function]}
      onResponderMove={[Function]}
      onResponderRelease={[Function]}
      onResponderTerminate={[Function]}
      onResponderTerminationRequest={[Function]}
      onStartShouldSetResponder={[Function]}
      style={
        {
          "opacity": 1,
        }
      }
    >
      <Text
        allowFontScaling={true}
        style={
          [
            {
              "color": "#20242D",
              "fontFamily": "Inter-Medium",
              "fontSize": 24,
              "lineHeight": 30,
              "minHeight": 30,
            },
            undefined,
          ]
        }
      >
        currMonth
      </Text>
    </View>
    <View
      accessibilityLabel="calendarPressTitleYear"
      accessibilityState={
        {
          "busy": undefined,
          "checked": undefined,
          "disabled": undefined,
          "expanded": undefined,
          "selected": undefined,
        }
      }
      accessibilityValue={
        {
          "max": undefined,
          "min": undefined,
          "now": undefined,
          "text": undefined,
        }
      }
      accessible={true}
      collapsable={false}
      focusable={true}
      onClick={[Function]}
      onResponderGrant={[Function]}
      onResponderMove={[Function]}
      onResponderRelease={[Function]}
      onResponderTerminate={[Function]}
      onResponderTerminationRequest={[Function]}
      onStartShouldSetResponder={[Function]}
      style={
        {
          "opacity": 1,
        }
      }
    >
      <Text
        allowFontScaling={true}
        style={
          [
            {
              "color": "#20242D",
              "fontFamily": "Inter-Medium",
              "fontSize": 24,
              "lineHeight": 30,
              "minHeight": 30,
            },
            undefined,
          ]
        }
      >
        currentYear
      </Text>
    </View>
  </View>
  <View
    accessibilityLabel="calendarRightArrow"
    accessibilityState={
      {
        "busy": undefined,
        "checked": undefined,
        "disabled": undefined,
        "expanded": undefined,
        "selected": undefined,
      }
    }
    accessibilityValue={
      {
        "max": undefined,
        "min": undefined,
        "now": undefined,
        "text": undefined,
      }
    }
    accessible={true}
    collapsable={false}
    focusable={true}
    onBlur={[Function]}
    onClick={[Function]}
    onFocus={[Function]}
    onResponderGrant={[Function]}
    onResponderMove={[Function]}
    onResponderRelease={[Function]}
    onResponderTerminate={[Function]}
    onResponderTerminationRequest={[Function]}
    onStartShouldSetResponder={[Function]}
  >
    <Text
      allowFontScaling={true}
      style={
        {
          "color": "#5E6678",
          "fontFamily": "Neotis",
          "fontSize": 36,
        }
      }
    >
      
    </Text>
  </View>
</View>
`;
