// Jest Snapshot v1, https://goo.gl/fbAQLP

exports[`@lad-tech/mobydick-core/icons/SimpleIcon renders correctly 1`] = `
<Text
  allowFontScaling={true}
  style={
    {
      "color": "#5E6678",
      "fontFamily": "Neotis",
      "fontSize": 36,
    }
  }
>
  Ó®ç
</Text>
`;
