// Jest Snapshot v1, https://goo.gl/fbAQLP

exports[`@lad-tech/mobydick-core/modalSuccess should renders correctly 1`] = `
<View
  accessibilityState={
    {
      "busy": undefined,
      "checked": undefined,
      "disabled": undefined,
      "expanded": undefined,
      "selected": undefined,
    }
  }
  accessibilityValue={
    {
      "max": undefined,
      "min": undefined,
      "now": undefined,
      "text": undefined,
    }
  }
  accessible={true}
  collapsable={false}
  focusable={true}
  onBlur={[Function]}
  onClick={[Function]}
  onFocus={[Function]}
  onResponderGrant={[Function]}
  onResponderMove={[Function]}
  onResponderRelease={[Function]}
  onResponderTerminate={[Function]}
  onResponderTerminationRequest={[Function]}
  onStartShouldSetResponder={[Function]}
  style={
    [
      {
        "alignItems": "center",
        "backgroundColor": "rgba(0, 0, 0, 0.2)",
        "height": "100%",
        "position": "absolute",
        "width": "100%",
      },
      [
        {
          "justifyContent": "flex-end",
        },
        {
          "justifyContent": "center",
        },
      ],
    ]
  }
  testID="Pressable"
>
  <View
    onStartShouldSetResponder={[Function]}
    style={
      [
        {
          "alignItems": "center",
          "backgroundColor": "#FFF",
          "borderRadius": 18,
          "justifyContent": "center",
          "marginVertical": 30,
          "paddingHorizontal": 30,
          "paddingVertical": 36,
          "width": 726,
        },
        {
          "maxWidth": "80%",
        },
      ]
    }
  >
    <View
      style={
        [
          {
            "backgroundColor": "rgba(43, 120, 238, 0.15)",
            "borderRadius": 100,
            "padding": 18,
          },
          undefined,
        ]
      }
    >
      <Text
        allowFontScaling={true}
        style={
          {
            "color": "#2B78EE",
            "fontFamily": "Neotis",
            "fontSize": 54,
          }
        }
      >
        
      </Text>
    </View>
    <View
      style={
        {
          "marginBottom": 12,
          "marginTop": 18,
        }
      }
    >
      <Text
        allowFontScaling={true}
        style={
          [
            {
              "color": "#20242D",
              "fontFamily": "Inter-SemiBold",
              "fontSize": 27,
              "lineHeight": 33,
              "minHeight": 33,
            },
            [
              {
                "textAlign": "center",
              },
              undefined,
            ],
          ]
        }
      >
        title
      </Text>
      <Text
        allowFontScaling={true}
        style={
          [
            {
              "color": "#5E6678",
              "fontFamily": "Inter-Regular",
              "fontSize": 21,
              "lineHeight": 27,
              "minHeight": 27,
            },
            [
              {
                "paddingTop": 12,
                "textAlign": "center",
              },
              undefined,
            ],
          ]
        }
      >
        descriptionText
      </Text>
    </View>
    <View
      style={
        {
          "alignItems": "center",
          "alignSelf": "stretch",
          "marginTop": 30,
        }
      }
    >
      <View
        accessibilityState={
          {
            "busy": undefined,
            "checked": undefined,
            "disabled": false,
            "expanded": undefined,
            "selected": undefined,
          }
        }
        accessibilityValue={
          {
            "max": undefined,
            "min": undefined,
            "now": undefined,
            "text": undefined,
          }
        }
        accessible={true}
        collapsable={false}
        focusable={true}
        onClick={[Function]}
        onResponderGrant={[Function]}
        onResponderMove={[Function]}
        onResponderRelease={[Function]}
        onResponderTerminate={[Function]}
        onResponderTerminationRequest={[Function]}
        onStartShouldSetResponder={[Function]}
        style={
          {
            "alignItems": "center",
            "alignSelf": "stretch",
            "backgroundColor": "#2B78EE",
            "borderRadius": 18,
            "flexDirection": "row",
            "justifyContent": "center",
            "minHeight": 72,
            "opacity": 1,
          }
        }
      >
        <Text
          allowFontScaling={true}
          style={
            [
              {
                "color": "#FFF",
                "fontFamily": "Inter-SemiBold",
                "fontSize": 27,
                "lineHeight": 33,
                "minHeight": 33,
              },
              [
                {
                  "paddingHorizontal": 9,
                },
                undefined,
              ],
            ]
          }
        >
          OK
        </Text>
      </View>
    </View>
  </View>
</View>
`;

exports[`@lad-tech/mobydick-core/modalSuccess should renders correctly with optional 1`] = `
<View
  accessibilityState={
    {
      "busy": undefined,
      "checked": undefined,
      "disabled": undefined,
      "expanded": undefined,
      "selected": undefined,
    }
  }
  accessibilityValue={
    {
      "max": undefined,
      "min": undefined,
      "now": undefined,
      "text": undefined,
    }
  }
  accessible={true}
  collapsable={false}
  focusable={true}
  onBlur={[Function]}
  onClick={[Function]}
  onFocus={[Function]}
  onResponderGrant={[Function]}
  onResponderMove={[Function]}
  onResponderRelease={[Function]}
  onResponderTerminate={[Function]}
  onResponderTerminationRequest={[Function]}
  onStartShouldSetResponder={[Function]}
  style={
    [
      {
        "alignItems": "center",
        "backgroundColor": "rgba(0, 0, 0, 0.2)",
        "height": "100%",
        "position": "absolute",
        "width": "100%",
      },
      [
        {
          "justifyContent": "flex-end",
        },
        {
          "justifyContent": "center",
        },
      ],
    ]
  }
  testID="Pressable"
>
  <View
    onStartShouldSetResponder={[Function]}
    style={
      [
        {
          "alignItems": "center",
          "backgroundColor": "#FFF",
          "borderRadius": 18,
          "justifyContent": "center",
          "marginVertical": 30,
          "paddingHorizontal": 30,
          "paddingVertical": 36,
          "width": 726,
        },
        {
          "maxWidth": "80%",
        },
      ]
    }
  >
    <View
      style={
        [
          {
            "backgroundColor": "rgba(43, 120, 238, 0.15)",
            "borderRadius": 100,
            "padding": 18,
          },
          undefined,
        ]
      }
    >
      <Text
        allowFontScaling={true}
        style={
          {
            "color": "#2B78EE",
            "fontFamily": "Neotis",
            "fontSize": 54,
          }
        }
      >
        
      </Text>
    </View>
    <View
      style={
        {
          "marginBottom": 12,
          "marginTop": 18,
        }
      }
    >
      <Text
        allowFontScaling={true}
        style={
          [
            {
              "color": "#20242D",
              "fontFamily": "Inter-SemiBold",
              "fontSize": 27,
              "lineHeight": 33,
              "minHeight": 33,
            },
            [
              {
                "textAlign": "center",
              },
              undefined,
            ],
          ]
        }
      >
        title
      </Text>
      <Text
        allowFontScaling={true}
        style={
          [
            {
              "color": "#5E6678",
              "fontFamily": "Inter-Regular",
              "fontSize": 21,
              "lineHeight": 27,
              "minHeight": 27,
            },
            [
              {
                "paddingTop": 12,
                "textAlign": "center",
              },
              undefined,
            ],
          ]
        }
      >
        descriptionText
      </Text>
    </View>
    <View
      style={
        {
          "alignItems": "center",
          "alignSelf": "stretch",
          "marginTop": 30,
        }
      }
    >
      <View
        accessibilityState={
          {
            "busy": undefined,
            "checked": undefined,
            "disabled": false,
            "expanded": undefined,
            "selected": undefined,
          }
        }
        accessibilityValue={
          {
            "max": undefined,
            "min": undefined,
            "now": undefined,
            "text": undefined,
          }
        }
        accessible={true}
        collapsable={false}
        focusable={true}
        onClick={[Function]}
        onResponderGrant={[Function]}
        onResponderMove={[Function]}
        onResponderRelease={[Function]}
        onResponderTerminate={[Function]}
        onResponderTerminationRequest={[Function]}
        onStartShouldSetResponder={[Function]}
        style={
          {
            "alignItems": "center",
            "alignSelf": "stretch",
            "backgroundColor": "#2B78EE",
            "borderRadius": 18,
            "flexDirection": "row",
            "justifyContent": "center",
            "minHeight": 72,
            "opacity": 1,
          }
        }
      >
        <Text
          allowFontScaling={true}
          style={
            [
              {
                "color": "#FFF",
                "fontFamily": "Inter-SemiBold",
                "fontSize": 27,
                "lineHeight": 33,
                "minHeight": 33,
              },
              [
                {
                  "paddingHorizontal": 9,
                },
                undefined,
              ],
            ]
          }
        >
          buttonText
        </Text>
      </View>
    </View>
  </View>
</View>
`;
