// Jest Snapshot v1, https://goo.gl/fbAQLP

exports[`@lad-tech/mobydick-core/InputField renders correctly 1`] = `
<View
  style={
    [
      {
        "minWidth": 195,
      },
      undefined,
    ]
  }
>
  <View
    style={
      {
        "flexDirection": "row",
      }
    }
  >
    <Text
      allowFontScaling={true}
      style={
        [
          {
            "color": "#5E6678",
            "fontFamily": "Inter-Medium",
            "fontSize": 21,
            "lineHeight": 27,
            "minHeight": 27,
          },
          undefined,
        ]
      }
    >
      title
    </Text>
  </View>
  <View
    style={
      [
        {
          "alignItems": "center",
          "backgroundColor": "#EEEFF1",
          "borderColor": "transparent",
          "borderRadius": 12,
          "borderWidth": 1.5,
          "flexDirection": "row",
          "justifyContent": "space-between",
          "marginVertical": 12,
        },
        {
          "height": 72,
        },
        null,
        undefined,
      ]
    }
  >
    <TextInput
      allowFontScaling={true}
      editable={true}
      multiline={false}
      numberOfLines={1}
      onBlur={[Function]}
      onFocus={[Function]}
      placeholderTextColor="#9BA1B0"
      selectionColor="#2B78EE"
      style={
        [
          {
            "borderRadius": 12,
            "flex": 1,
            "padding": 0,
            "paddingLeft": 27,
            "paddingRight": 24,
            "paddingVertical": 18,
            "textAlignVertical": undefined,
          },
          {
            "color": "#20242D",
            "fontFamily": "Inter-Regular",
            "fontSize": 24,
            "lineHeight": 30,
            "minHeight": 30,
          },
          undefined,
        ]
      }
      testID="TextInput"
    />
  </View>
  <View
    style={
      {
        "alignItems": "center",
        "flexDirection": "row",
      }
    }
  >
    <Text
      allowFontScaling={true}
      style={
        {
          "color": "#9BA1B0",
          "fontFamily": "Neotis",
          "fontSize": 24,
          "marginRight": 6,
        }
      }
    >
      Ó®ç
    </Text>
    <Text
      allowFontScaling={true}
      style={
        [
          {
            "color": "#9BA1B0",
            "fontFamily": "Inter-Regular",
            "fontSize": 18,
            "lineHeight": 24,
            "minHeight": 24,
          },
          {
            "flex": 1,
          },
        ]
      }
    >
      subtitle
    </Text>
  </View>
</View>
`;

exports[`@lad-tech/mobydick-core/InputField renders correctly disabled 1`] = `
<View
  style={
    [
      {
        "minWidth": 195,
      },
      undefined,
    ]
  }
>
  <View
    style={
      [
        {
          "alignItems": "center",
          "backgroundColor": "#D1D4DB",
          "borderColor": "transparent",
          "borderRadius": 12,
          "borderWidth": 1.5,
          "flexDirection": "row",
          "justifyContent": "space-between",
          "marginVertical": 12,
        },
        {
          "height": 72,
        },
        null,
        undefined,
      ]
    }
  >
    <TextInput
      allowFontScaling={true}
      editable={false}
      multiline={false}
      numberOfLines={1}
      onBlur={[Function]}
      onFocus={[Function]}
      placeholderTextColor="#9BA1B0"
      selectionColor="#2B78EE"
      style={
        [
          {
            "borderRadius": 12,
            "flex": 1,
            "padding": 0,
            "paddingLeft": 27,
            "paddingRight": 24,
            "paddingVertical": 18,
            "textAlignVertical": undefined,
          },
          {
            "color": "#20242D",
            "fontFamily": "Inter-Regular",
            "fontSize": 24,
            "lineHeight": 30,
            "minHeight": 30,
          },
          undefined,
        ]
      }
      testID="TextInput"
    />
  </View>
</View>
`;

exports[`@lad-tech/mobydick-core/InputField renders correctly disabled 2`] = `
<View
  style={
    [
      {
        "minWidth": 195,
      },
      undefined,
    ]
  }
>
  <View
    style={
      [
        {
          "alignItems": "center",
          "backgroundColor": "#D1D4DB",
          "borderColor": "#D1D4DB",
          "borderRadius": 12,
          "borderWidth": 1.5,
          "flexDirection": "row",
          "justifyContent": "space-between",
          "marginVertical": 12,
        },
        {
          "height": 72,
        },
        null,
        undefined,
      ]
    }
  >
    <TextInput
      allowFontScaling={true}
      editable={false}
      multiline={false}
      numberOfLines={1}
      onBlur={[Function]}
      onFocus={[Function]}
      placeholderTextColor="#9BA1B0"
      selectionColor="#2B78EE"
      style={
        [
          {
            "borderRadius": 12,
            "flex": 1,
            "padding": 0,
            "paddingLeft": 27,
            "paddingRight": 24,
            "paddingVertical": 18,
            "textAlignVertical": undefined,
          },
          {
            "color": "#20242D",
            "fontFamily": "Inter-Regular",
            "fontSize": 24,
            "lineHeight": 30,
            "minHeight": 30,
          },
          undefined,
        ]
      }
      testID="TextInput"
    />
  </View>
</View>
`;

exports[`@lad-tech/mobydick-core/InputField renders correctly focused/blur 1`] = `
<View
  style={
    [
      {
        "minWidth": 195,
      },
      undefined,
    ]
  }
>
  <View
    style={
      [
        {
          "alignItems": "center",
          "backgroundColor": "#EEEFF1",
          "borderColor": "rgba(32, 36, 45, 0.3)",
          "borderRadius": 12,
          "borderWidth": 1.5,
          "flexDirection": "row",
          "justifyContent": "space-between",
          "marginVertical": 12,
        },
        {
          "height": 72,
        },
        null,
        undefined,
      ]
    }
  >
    <TextInput
      allowFontScaling={true}
      editable={true}
      multiline={false}
      numberOfLines={1}
      onBlur={[Function]}
      onFocus={[Function]}
      placeholderTextColor="#9BA1B0"
      selectionColor="#2B78EE"
      style={
        [
          {
            "borderRadius": 12,
            "flex": 1,
            "padding": 0,
            "paddingLeft": 27,
            "paddingRight": 24,
            "paddingVertical": 18,
            "textAlignVertical": undefined,
          },
          {
            "color": "#20242D",
            "fontFamily": "Inter-Regular",
            "fontSize": 24,
            "lineHeight": 30,
            "minHeight": 30,
          },
          undefined,
        ]
      }
      testID="TextInput"
    />
  </View>
</View>
`;

exports[`@lad-tech/mobydick-core/InputField renders correctly focused/blur 2`] = `
<View
  style={
    [
      {
        "minWidth": 195,
      },
      undefined,
    ]
  }
>
  <View
    style={
      [
        {
          "alignItems": "center",
          "backgroundColor": "#EEEFF1",
          "borderColor": "transparent",
          "borderRadius": 12,
          "borderWidth": 1.5,
          "flexDirection": "row",
          "justifyContent": "space-between",
          "marginVertical": 12,
        },
        {
          "height": 72,
        },
        null,
        undefined,
      ]
    }
  >
    <TextInput
      allowFontScaling={true}
      editable={true}
      multiline={false}
      numberOfLines={1}
      onBlur={[Function]}
      onFocus={[Function]}
      placeholderTextColor="#9BA1B0"
      selectionColor="#2B78EE"
      style={
        [
          {
            "borderRadius": 12,
            "flex": 1,
            "padding": 0,
            "paddingLeft": 27,
            "paddingRight": 24,
            "paddingVertical": 18,
            "textAlignVertical": undefined,
          },
          {
            "color": "#20242D",
            "fontFamily": "Inter-Regular",
            "fontSize": 24,
            "lineHeight": 30,
            "minHeight": 30,
          },
          undefined,
        ]
      }
      testID="TextInput"
    />
  </View>
</View>
`;

exports[`@lad-tech/mobydick-core/InputField renders correctly multiline = false 1`] = `
<View
  style={
    [
      {
        "minWidth": 195,
      },
      undefined,
    ]
  }
>
  <View
    style={
      {
        "flexDirection": "row",
      }
    }
  >
    <Text
      allowFontScaling={true}
      style={
        [
          {
            "color": "#5E6678",
            "fontFamily": "Inter-Medium",
            "fontSize": 21,
            "lineHeight": 27,
            "minHeight": 27,
          },
          undefined,
        ]
      }
    >
      title
    </Text>
  </View>
  <View
    style={
      [
        {
          "alignItems": "center",
          "backgroundColor": "#EEEFF1",
          "borderColor": "transparent",
          "borderRadius": 12,
          "borderWidth": 1.5,
          "flexDirection": "row",
          "justifyContent": "space-between",
          "marginVertical": 12,
        },
        {
          "height": 72,
        },
        null,
        undefined,
      ]
    }
  >
    <TextInput
      allowFontScaling={true}
      editable={true}
      multiline={false}
      numberOfLines={1}
      onBlur={[Function]}
      onFocus={[Function]}
      placeholderTextColor="#9BA1B0"
      selectionColor="#2B78EE"
      style={
        [
          {
            "borderRadius": 12,
            "flex": 1,
            "padding": 0,
            "paddingLeft": 27,
            "paddingRight": 24,
            "paddingVertical": 18,
            "textAlignVertical": undefined,
          },
          [
            {
              "color": "#20242D",
              "fontSize": 24,
              "padding": 0,
            },
          ],
          undefined,
        ]
      }
      testID="TextInput"
    />
  </View>
</View>
`;

exports[`@lad-tech/mobydick-core/InputField renders correctly multiline = true 1`] = `
<View
  style={
    [
      {
        "minWidth": 195,
      },
      undefined,
    ]
  }
>
  <View
    style={
      {
        "flexDirection": "row",
      }
    }
  >
    <Text
      allowFontScaling={true}
      style={
        [
          {
            "color": "#5E6678",
            "fontFamily": "Inter-Medium",
            "fontSize": 21,
            "lineHeight": 27,
            "minHeight": 27,
          },
          undefined,
        ]
      }
    >
      title
    </Text>
  </View>
  <View
    style={
      [
        {
          "alignItems": undefined,
          "backgroundColor": "#EEEFF1",
          "borderColor": "transparent",
          "borderRadius": 12,
          "borderWidth": 1.5,
          "flexDirection": "row",
          "justifyContent": "space-between",
          "marginVertical": 12,
        },
        {
          "minHeight": 120,
        },
        null,
        undefined,
      ]
    }
  >
    <TextInput
      allowFontScaling={true}
      editable={true}
      multiline={true}
      numberOfLines={1}
      onBlur={[Function]}
      onFocus={[Function]}
      placeholderTextColor="#9BA1B0"
      selectionColor="#2B78EE"
      style={
        [
          {
            "borderRadius": 12,
            "flex": 1,
            "padding": 0,
            "paddingLeft": 27,
            "paddingRight": 24,
            "paddingVertical": 18,
            "textAlignVertical": "top",
          },
          [
            {
              "color": "#20242D",
              "fontSize": 24,
              "padding": 0,
            },
          ],
          undefined,
        ]
      }
      testID="TextInput"
    />
  </View>
</View>
`;

exports[`@lad-tech/mobydick-core/InputField renders correctly secureTextEntry 1`] = `
<View
  style={
    [
      {
        "minWidth": 195,
      },
      undefined,
    ]
  }
>
  <View
    style={
      {
        "flexDirection": "row",
      }
    }
  >
    <Text
      allowFontScaling={true}
      style={
        [
          {
            "color": "#5E6678",
            "fontFamily": "Inter-Medium",
            "fontSize": 21,
            "lineHeight": 27,
            "minHeight": 27,
          },
          undefined,
        ]
      }
    >
      title
    </Text>
  </View>
  <View
    style={
      [
        {
          "alignItems": "center",
          "backgroundColor": "#EEEFF1",
          "borderColor": "transparent",
          "borderRadius": 12,
          "borderWidth": 1.5,
          "flexDirection": "row",
          "justifyContent": "space-between",
          "marginVertical": 12,
        },
        {
          "height": 72,
        },
        null,
        undefined,
      ]
    }
  >
    <TextInput
      allowFontScaling={true}
      editable={true}
      multiline={false}
      numberOfLines={1}
      onBlur={[Function]}
      onFocus={[Function]}
      placeholderTextColor="#9BA1B0"
      secureTextEntry={true}
      selectionColor="#2B78EE"
      style={
        [
          {
            "borderRadius": 12,
            "flex": 1,
            "padding": 0,
            "paddingLeft": 27,
            "paddingRight": 24,
            "paddingVertical": 18,
            "textAlignVertical": undefined,
          },
          [
            {
              "color": "#20242D",
              "fontSize": 24,
              "padding": 0,
            },
          ],
          undefined,
        ]
      }
      testID="TextInput"
    />
  </View>
  <View
    style={
      {
        "alignItems": "center",
        "flexDirection": "row",
      }
    }
  >
    <Text
      allowFontScaling={true}
      style={
        {
          "color": "#9BA1B0",
          "fontFamily": "Neotis",
          "fontSize": 24,
          "marginRight": 6,
        }
      }
    >
      Ó®ç
    </Text>
    <Text
      allowFontScaling={true}
      style={
        [
          {
            "color": "#9BA1B0",
            "fontFamily": "Inter-Regular",
            "fontSize": 18,
            "lineHeight": 24,
            "minHeight": 24,
          },
          {
            "flex": 1,
          },
        ]
      }
    >
      subtitle
    </Text>
  </View>
</View>
`;

exports[`@lad-tech/mobydick-core/InputField renders correctly valid 1`] = `
<View
  style={
    [
      {
        "minWidth": 195,
      },
      undefined,
    ]
  }
>
  <View
    style={
      [
        {
          "alignItems": "center",
          "backgroundColor": "rgba(43, 120, 238, 0.15)",
          "borderColor": "transparent",
          "borderRadius": 12,
          "borderWidth": 1.5,
          "flexDirection": "row",
          "justifyContent": "space-between",
          "marginVertical": 12,
        },
        {
          "height": 72,
        },
        null,
        undefined,
      ]
    }
  >
    <TextInput
      allowFontScaling={true}
      editable={true}
      multiline={false}
      numberOfLines={1}
      onBlur={[Function]}
      onFocus={[Function]}
      placeholderTextColor="#9BA1B0"
      selectionColor="#2B78EE"
      style={
        [
          {
            "borderRadius": 12,
            "flex": 1,
            "padding": 0,
            "paddingLeft": 27,
            "paddingRight": 24,
            "paddingVertical": 18,
            "textAlignVertical": undefined,
          },
          {
            "color": "#20242D",
            "fontFamily": "Inter-Regular",
            "fontSize": 24,
            "lineHeight": 30,
            "minHeight": 30,
          },
          undefined,
        ]
      }
      testID="TextInput"
    />
  </View>
</View>
`;

exports[`@lad-tech/mobydick-core/InputField renders correctly valid 2`] = `
<View
  style={
    [
      {
        "minWidth": 195,
      },
      undefined,
    ]
  }
>
  <View
    style={
      [
        {
          "alignItems": "center",
          "backgroundColor": "rgba(43, 120, 238, 0.15)",
          "borderColor": "#2B78EE",
          "borderRadius": 12,
          "borderWidth": 1.5,
          "flexDirection": "row",
          "justifyContent": "space-between",
          "marginVertical": 12,
        },
        {
          "height": 72,
        },
        null,
        undefined,
      ]
    }
  >
    <TextInput
      allowFontScaling={true}
      editable={true}
      multiline={false}
      numberOfLines={1}
      onBlur={[Function]}
      onFocus={[Function]}
      placeholderTextColor="#9BA1B0"
      selectionColor="#2B78EE"
      style={
        [
          {
            "borderRadius": 12,
            "flex": 1,
            "padding": 0,
            "paddingLeft": 27,
            "paddingRight": 24,
            "paddingVertical": 18,
            "textAlignVertical": undefined,
          },
          {
            "color": "#20242D",
            "fontFamily": "Inter-Regular",
            "fontSize": 24,
            "lineHeight": 30,
            "minHeight": 30,
          },
          undefined,
        ]
      }
      testID="TextInput"
    />
  </View>
</View>
`;

exports[`@lad-tech/mobydick-core/InputField renders correctly wrong 1`] = `
<View
  style={
    [
      {
        "minWidth": 195,
      },
      undefined,
    ]
  }
>
  <View
    style={
      [
        {
          "alignItems": "center",
          "backgroundColor": "rgba(245, 77, 61, 0.15)",
          "borderColor": "transparent",
          "borderRadius": 12,
          "borderWidth": 1.5,
          "flexDirection": "row",
          "justifyContent": "space-between",
          "marginVertical": 12,
        },
        {
          "height": 72,
        },
        null,
        undefined,
      ]
    }
  >
    <TextInput
      allowFontScaling={true}
      editable={true}
      multiline={false}
      numberOfLines={1}
      onBlur={[Function]}
      onFocus={[Function]}
      placeholderTextColor="#9BA1B0"
      selectionColor="#2B78EE"
      style={
        [
          {
            "borderRadius": 12,
            "flex": 1,
            "padding": 0,
            "paddingLeft": 27,
            "paddingRight": 24,
            "paddingVertical": 18,
            "textAlignVertical": undefined,
          },
          {
            "color": "#20242D",
            "fontFamily": "Inter-Regular",
            "fontSize": 24,
            "lineHeight": 30,
            "minHeight": 30,
          },
          undefined,
        ]
      }
      testID="TextInput"
    />
  </View>
  <View
    style={
      {
        "alignItems": "center",
        "flexDirection": "row",
      }
    }
  >
    <Text
      allowFontScaling={true}
      style={
        {
          "color": "#F54D3D",
          "fontFamily": "Neotis",
          "fontSize": 24,
          "marginRight": 6,
        }
      }
    >
      Ó®ç
    </Text>
    <Text
      allowFontScaling={true}
      style={
        [
          {
            "color": "#F54D3D",
            "fontFamily": "Inter-Regular",
            "fontSize": 18,
            "lineHeight": 24,
            "minHeight": 24,
          },
          {
            "flex": 1,
          },
        ]
      }
    >
      subtitle
    </Text>
  </View>
</View>
`;

exports[`@lad-tech/mobydick-core/InputField renders correctly wrong 2`] = `
<View
  style={
    [
      {
        "minWidth": 195,
      },
      undefined,
    ]
  }
>
  <View
    style={
      [
        {
          "alignItems": "center",
          "backgroundColor": "rgba(245, 77, 61, 0.15)",
          "borderColor": "#F54D3D",
          "borderRadius": 12,
          "borderWidth": 1.5,
          "flexDirection": "row",
          "justifyContent": "space-between",
          "marginVertical": 12,
        },
        {
          "height": 72,
        },
        null,
        undefined,
      ]
    }
  >
    <TextInput
      allowFontScaling={true}
      editable={true}
      multiline={false}
      numberOfLines={1}
      onBlur={[Function]}
      onFocus={[Function]}
      placeholderTextColor="#9BA1B0"
      selectionColor="#2B78EE"
      style={
        [
          {
            "borderRadius": 12,
            "flex": 1,
            "padding": 0,
            "paddingLeft": 27,
            "paddingRight": 24,
            "paddingVertical": 18,
            "textAlignVertical": undefined,
          },
          {
            "color": "#20242D",
            "fontFamily": "Inter-Regular",
            "fontSize": 24,
            "lineHeight": 30,
            "minHeight": 30,
          },
          undefined,
        ]
      }
      testID="TextInput"
    />
  </View>
  <View
    style={
      {
        "alignItems": "center",
        "flexDirection": "row",
      }
    }
  >
    <Text
      allowFontScaling={true}
      style={
        {
          "color": "#F54D3D",
          "fontFamily": "Neotis",
          "fontSize": 24,
          "marginRight": 6,
        }
      }
    >
      Ó®ç
    </Text>
    <Text
      allowFontScaling={true}
      style={
        [
          {
            "color": "#F54D3D",
            "fontFamily": "Inter-Regular",
            "fontSize": 18,
            "lineHeight": 24,
            "minHeight": 24,
          },
          {
            "flex": 1,
          },
        ]
      }
    >
      subtitle
    </Text>
  </View>
</View>
`;

exports[`@lad-tech/mobydick-core/InputField renders title titleProps 1`] = `
<View
  style={
    [
      {
        "minWidth": 195,
      },
      undefined,
    ]
  }
>
  <View
    style={
      {
        "flexDirection": "row",
      }
    }
  >
    <Text
      allowFontScaling={true}
      style={
        [
          {
            "color": "#5E6678",
            "fontFamily": "Inter-Medium",
            "fontSize": 22.5,
            "lineHeight": 28.5,
            "minHeight": 28.5,
          },
          undefined,
        ]
      }
    >
      title
    </Text>
  </View>
  <View
    style={
      [
        {
          "alignItems": "center",
          "backgroundColor": "#EEEFF1",
          "borderColor": "transparent",
          "borderRadius": 12,
          "borderWidth": 1.5,
          "flexDirection": "row",
          "justifyContent": "space-between",
          "marginVertical": 12,
        },
        {
          "height": 72,
        },
        null,
        undefined,
      ]
    }
  >
    <TextInput
      allowFontScaling={true}
      editable={true}
      multiline={false}
      numberOfLines={1}
      onBlur={[Function]}
      onFocus={[Function]}
      placeholderTextColor="#9BA1B0"
      selectionColor="#2B78EE"
      style={
        [
          {
            "borderRadius": 12,
            "flex": 1,
            "padding": 0,
            "paddingLeft": 27,
            "paddingRight": 24,
            "paddingVertical": 18,
            "textAlignVertical": undefined,
          },
          [
            {
              "color": "#20242D",
              "fontSize": 24,
              "padding": 0,
            },
          ],
          undefined,
        ]
      }
      testID="TextInput"
    />
  </View>
</View>
`;
