// Jest Snapshot v1, https://goo.gl/fbAQLP

exports[`npm/mobydick-inputs/ListEmptySelector renders correctly with text and font 1`] = `
<Text
  allowFontScaling={true}
  style={
    [
      {
        "color": "#F54C3D",
        "fontFamily": "Inter-Regular",
        "fontSize": 18,
        "lineHeight": 22,
        "minHeight": 22,
      },
      {
        "paddingHorizontal": 12,
      },
    ]
  }
>
  Ничего нет
</Text>
`;

exports[`npm/mobydick-inputs/ListEmptySelector renders correctly without text and font 1`] = `
<Text
  allowFontScaling={true}
  style={
    [
      {
        "color": "#9BA1B0",
        "fontFamily": "Inter-Regular",
        "fontSize": 16,
        "lineHeight": 20,
        "minHeight": 20,
      },
      {
        "paddingHorizontal": 12,
      },
    ]
  }
>
  Данные недоступны. Повторите попытку позже.
</Text>
`;
