// Jest Snapshot v1, https://goo.gl/fbAQLP

exports[`Tab render correctly active false 1`] = `
<View
  accessibilityLabel="tab"
  accessibilityState={
    {
      "busy": undefined,
      "checked": undefined,
      "disabled": undefined,
      "expanded": undefined,
      "selected": undefined,
    }
  }
  accessibilityValue={
    {
      "max": undefined,
      "min": undefined,
      "now": undefined,
      "text": undefined,
    }
  }
  accessible={true}
  collapsable={false}
  focusable={true}
  onClick={[Function]}
  onResponderGrant={[Function]}
  onResponderMove={[Function]}
  onResponderRelease={[Function]}
  onResponderTerminate={[Function]}
  onResponderTerminationRequest={[Function]}
  onStartShouldSetResponder={[Function]}
  style={
    {
      "backgroundColor": "#D0D6E0",
      "borderRadius": 8,
      "marginRight": 8,
      "opacity": 1,
      "paddingHorizontal": 12,
      "paddingVertical": 6,
    }
  }
>
  <Text
    allowFontScaling={true}
    style={
      [
        {
          "color": "#5E6678",
          "fontFamily": "Inter-Regular",
          "fontSize": 14,
          "fontWeight": "400",
          "lineHeight": 18,
          "minHeight": 18,
        },
        undefined,
      ]
    }
  >
    1
  </Text>
</View>
`;

exports[`Tab render correctly with props 1`] = `
<View
  accessibilityLabel="tab"
  accessibilityState={
    {
      "busy": undefined,
      "checked": undefined,
      "disabled": undefined,
      "expanded": undefined,
      "selected": undefined,
    }
  }
  accessibilityValue={
    {
      "max": undefined,
      "min": undefined,
      "now": undefined,
      "text": undefined,
    }
  }
  accessible={true}
  collapsable={false}
  focusable={true}
  onClick={[Function]}
  onResponderGrant={[Function]}
  onResponderMove={[Function]}
  onResponderRelease={[Function]}
  onResponderTerminate={[Function]}
  onResponderTerminationRequest={[Function]}
  onStartShouldSetResponder={[Function]}
  style={
    {
      "backgroundColor": "#2B78EE",
      "borderRadius": 8,
      "marginRight": 8,
      "opacity": 1,
      "paddingHorizontal": 12,
      "paddingVertical": 6,
    }
  }
>
  <View />
  <Text
    allowFontScaling={true}
    style={
      [
        {
          "color": "#FFFFFF",
          "fontFamily": "Inter-Regular",
          "fontSize": 14,
          "fontWeight": "400",
          "lineHeight": 18,
          "minHeight": 18,
        },
        undefined,
      ]
    }
  >
    1
  </Text>
  <View />
</View>
`;
