// Jest Snapshot v1, https://goo.gl/fbAQLP

exports[`@lad-tech/mobydick-core/Indicator renders correctly with colors 1`] = `
<View
  style={
    [
      {
        "backgroundColor": "#F2F4F7",
        "borderRadius": 20,
        "height": 2,
        "width": "90%",
      },
      undefined,
    ]
  }
>
  <View
    collapsable={false}
    style={
      {
        "backgroundColor": "#2B78EE",
        "borderRadius": 20,
        "bottom": 0,
        "left": 0,
        "position": "absolute",
        "right": 0,
        "top": 0,
        "width": "20%",
      }
    }
  />
</View>
`;
