// Jest Snapshot v1, https://goo.gl/fbAQLP

exports[`AutoLoopCarousel render AutoCarousel 1`] = `
<RCTScrollView
  accessibilityLabel="carousel"
  bounces={false}
  data={
    [
      {
        "id": "0",
        "name": "icon-starfill",
      },
      {
        "id": "1",
        "name": "icon-starfill",
      },
      {
        "id": "2",
        "name": "icon-starfill",
      },
      {
        "id": "3",
        "name": "icon-starfill",
      },
      {
        "id": "4",
        "name": "icon-starfill",
      },
      {
        "id": "5",
        "name": "icon-starfill",
      },
      {
        "id": "6",
        "name": "icon-starfill",
      },
      {
        "id": "0",
        "name": "icon-starfill",
      },
      {
        "id": "1",
        "name": "icon-starfill",
      },
      {
        "id": "2",
        "name": "icon-starfill",
      },
      {
        "id": "3",
        "name": "icon-starfill",
      },
      {
        "id": "4",
        "name": "icon-starfill",
      },
      {
        "id": "5",
        "name": "icon-starfill",
      },
      {
        "id": "6",
        "name": "icon-starfill",
      },
      {
        "id": "0",
        "name": "icon-starfill",
      },
      {
        "id": "1",
        "name": "icon-starfill",
      },
      {
        "id": "2",
        "name": "icon-starfill",
      },
      {
        "id": "3",
        "name": "icon-starfill",
      },
      {
        "id": "4",
        "name": "icon-starfill",
      },
      {
        "id": "5",
        "name": "icon-starfill",
      },
      {
        "id": "6",
        "name": "icon-starfill",
      },
    ]
  }
  decelerationRate={0}
  extraData={false}
  getItem={[Function]}
  getItemCount={[Function]}
  horizontal={true}
  initialNumToRender={12}
  keyExtractor={[Function]}
  onContentSizeChange={[Function]}
  onEndReached={[Function]}
  onEndReachedThreshold={0.5}
  onLayout={[Function]}
  onMomentumScrollBegin={[Function]}
  onMomentumScrollEnd={[Function]}
  onScroll={[Function]}
  onScrollBeginDrag={[Function]}
  onScrollEndDrag={[Function]}
  onScrollToIndexFailed={[Function]}
  onViewableItemsChanged={[Function]}
  pagingEnabled={true}
  removeClippedSubviews={true}
  renderItem={[Function]}
  scrollEventThrottle={16}
  showsHorizontalScrollIndicator={false}
  snapToAlignment="start"
  snapToInterval={140}
  stickyHeaderIndices={[]}
  viewabilityConfig={
    {
      "itemVisiblePercentThreshold": 80,
      "waitForInteraction": true,
    }
  }
  viewabilityConfigCallbackPairs={
    [
      {
        "onViewableItemsChanged": [Function],
        "viewabilityConfig": {
          "itemVisiblePercentThreshold": 80,
          "waitForInteraction": true,
        },
      },
    ]
  }
>
  <View>
    <View
      onFocusCapture={[Function]}
      onLayout={[Function]}
      style={
        [
          {
            "flexDirection": "row",
          },
          null,
        ]
      }
    >
      <View
        accessibilityLabel="carouselItem"
        accessibilityState={
          {
            "busy": undefined,
            "checked": undefined,
            "disabled": true,
            "expanded": undefined,
            "selected": undefined,
          }
        }
        accessibilityValue={
          {
            "max": undefined,
            "min": undefined,
            "now": undefined,
            "text": undefined,
          }
        }
        accessible={true}
        collapsable={false}
        focusable={true}
        onClick={[Function]}
        onResponderGrant={[Function]}
        onResponderMove={[Function]}
        onResponderRelease={[Function]}
        onResponderTerminate={[Function]}
        onResponderTerminationRequest={[Function]}
        onStartShouldSetResponder={[Function]}
        style={
          {
            "alignItems": "center",
            "justifyContent": "center",
            "marginHorizontal": 20,
            "opacity": 1,
          }
        }
      >
        <Text
          allowFontScaling={true}
          style={
            {
              "color": "#5E6678",
              "fontFamily": "Neotis",
              "fontSize": 36,
            }
          }
        >
          
        </Text>
      </View>
    </View>
    <View
      onFocusCapture={[Function]}
      onLayout={[Function]}
      style={
        [
          {
            "flexDirection": "row",
          },
          null,
        ]
      }
    >
      <View
        accessibilityLabel="carouselItem"
        accessibilityState={
          {
            "busy": undefined,
            "checked": undefined,
            "disabled": true,
            "expanded": undefined,
            "selected": undefined,
          }
        }
        accessibilityValue={
          {
            "max": undefined,
            "min": undefined,
            "now": undefined,
            "text": undefined,
          }
        }
        accessible={true}
        collapsable={false}
        focusable={true}
        onClick={[Function]}
        onResponderGrant={[Function]}
        onResponderMove={[Function]}
        onResponderRelease={[Function]}
        onResponderTerminate={[Function]}
        onResponderTerminationRequest={[Function]}
        onStartShouldSetResponder={[Function]}
        style={
          {
            "alignItems": "center",
            "justifyContent": "center",
            "marginHorizontal": 20,
            "opacity": 1,
          }
        }
      >
        <Text
          allowFontScaling={true}
          style={
            {
              "color": "#5E6678",
              "fontFamily": "Neotis",
              "fontSize": 36,
            }
          }
        >
          
        </Text>
      </View>
    </View>
    <View
      onFocusCapture={[Function]}
      onLayout={[Function]}
      style={
        [
          {
            "flexDirection": "row",
          },
          null,
        ]
      }
    >
      <View
        accessibilityLabel="carouselItem"
        accessibilityState={
          {
            "busy": undefined,
            "checked": undefined,
            "disabled": true,
            "expanded": undefined,
            "selected": undefined,
          }
        }
        accessibilityValue={
          {
            "max": undefined,
            "min": undefined,
            "now": undefined,
            "text": undefined,
          }
        }
        accessible={true}
        collapsable={false}
        focusable={true}
        onClick={[Function]}
        onResponderGrant={[Function]}
        onResponderMove={[Function]}
        onResponderRelease={[Function]}
        onResponderTerminate={[Function]}
        onResponderTerminationRequest={[Function]}
        onStartShouldSetResponder={[Function]}
        style={
          {
            "alignItems": "center",
            "justifyContent": "center",
            "marginHorizontal": 20,
            "opacity": 1,
          }
        }
      >
        <Text
          allowFontScaling={true}
          style={
            {
              "color": "#5E6678",
              "fontFamily": "Neotis",
              "fontSize": 36,
            }
          }
        >
          
        </Text>
      </View>
    </View>
    <View
      onFocusCapture={[Function]}
      onLayout={[Function]}
      style={
        [
          {
            "flexDirection": "row",
          },
          null,
        ]
      }
    >
      <View
        accessibilityLabel="carouselItem"
        accessibilityState={
          {
            "busy": undefined,
            "checked": undefined,
            "disabled": true,
            "expanded": undefined,
            "selected": undefined,
          }
        }
        accessibilityValue={
          {
            "max": undefined,
            "min": undefined,
            "now": undefined,
            "text": undefined,
          }
        }
        accessible={true}
        collapsable={false}
        focusable={true}
        onClick={[Function]}
        onResponderGrant={[Function]}
        onResponderMove={[Function]}
        onResponderRelease={[Function]}
        onResponderTerminate={[Function]}
        onResponderTerminationRequest={[Function]}
        onStartShouldSetResponder={[Function]}
        style={
          {
            "alignItems": "center",
            "justifyContent": "center",
            "marginHorizontal": 20,
            "opacity": 1,
          }
        }
      >
        <Text
          allowFontScaling={true}
          style={
            {
              "color": "#5E6678",
              "fontFamily": "Neotis",
              "fontSize": 36,
            }
          }
        >
          
        </Text>
      </View>
    </View>
    <View
      onFocusCapture={[Function]}
      onLayout={[Function]}
      style={
        [
          {
            "flexDirection": "row",
          },
          null,
        ]
      }
    >
      <View
        accessibilityLabel="carouselItem"
        accessibilityState={
          {
            "busy": undefined,
            "checked": undefined,
            "disabled": true,
            "expanded": undefined,
            "selected": undefined,
          }
        }
        accessibilityValue={
          {
            "max": undefined,
            "min": undefined,
            "now": undefined,
            "text": undefined,
          }
        }
        accessible={true}
        collapsable={false}
        focusable={true}
        onClick={[Function]}
        onResponderGrant={[Function]}
        onResponderMove={[Function]}
        onResponderRelease={[Function]}
        onResponderTerminate={[Function]}
        onResponderTerminationRequest={[Function]}
        onStartShouldSetResponder={[Function]}
        style={
          {
            "alignItems": "center",
            "justifyContent": "center",
            "marginHorizontal": 20,
            "opacity": 1,
          }
        }
      >
        <Text
          allowFontScaling={true}
          style={
            {
              "color": "#5E6678",
              "fontFamily": "Neotis",
              "fontSize": 36,
            }
          }
        >
          
        </Text>
      </View>
    </View>
    <View
      onFocusCapture={[Function]}
      onLayout={[Function]}
      style={
        [
          {
            "flexDirection": "row",
          },
          null,
        ]
      }
    >
      <View
        accessibilityLabel="carouselItem"
        accessibilityState={
          {
            "busy": undefined,
            "checked": undefined,
            "disabled": true,
            "expanded": undefined,
            "selected": undefined,
          }
        }
        accessibilityValue={
          {
            "max": undefined,
            "min": undefined,
            "now": undefined,
            "text": undefined,
          }
        }
        accessible={true}
        collapsable={false}
        focusable={true}
        onClick={[Function]}
        onResponderGrant={[Function]}
        onResponderMove={[Function]}
        onResponderRelease={[Function]}
        onResponderTerminate={[Function]}
        onResponderTerminationRequest={[Function]}
        onStartShouldSetResponder={[Function]}
        style={
          {
            "alignItems": "center",
            "justifyContent": "center",
            "marginHorizontal": 20,
            "opacity": 1,
          }
        }
      >
        <Text
          allowFontScaling={true}
          style={
            {
              "color": "#5E6678",
              "fontFamily": "Neotis",
              "fontSize": 36,
            }
          }
        >
          
        </Text>
      </View>
    </View>
    <View
      onFocusCapture={[Function]}
      onLayout={[Function]}
      style={
        [
          {
            "flexDirection": "row",
          },
          null,
        ]
      }
    >
      <View
        accessibilityLabel="carouselItem"
        accessibilityState={
          {
            "busy": undefined,
            "checked": undefined,
            "disabled": true,
            "expanded": undefined,
            "selected": undefined,
          }
        }
        accessibilityValue={
          {
            "max": undefined,
            "min": undefined,
            "now": undefined,
            "text": undefined,
          }
        }
        accessible={true}
        collapsable={false}
        focusable={true}
        onClick={[Function]}
        onResponderGrant={[Function]}
        onResponderMove={[Function]}
        onResponderRelease={[Function]}
        onResponderTerminate={[Function]}
        onResponderTerminationRequest={[Function]}
        onStartShouldSetResponder={[Function]}
        style={
          {
            "alignItems": "center",
            "justifyContent": "center",
            "marginHorizontal": 20,
            "opacity": 1,
          }
        }
      >
        <Text
          allowFontScaling={true}
          style={
            {
              "color": "#5E6678",
              "fontFamily": "Neotis",
              "fontSize": 36,
            }
          }
        >
          
        </Text>
      </View>
    </View>
    <View
      onFocusCapture={[Function]}
      onLayout={[Function]}
      style={
        [
          {
            "flexDirection": "row",
          },
          null,
        ]
      }
    >
      <View
        accessibilityLabel="carouselItem"
        accessibilityState={
          {
            "busy": undefined,
            "checked": undefined,
            "disabled": true,
            "expanded": undefined,
            "selected": undefined,
          }
        }
        accessibilityValue={
          {
            "max": undefined,
            "min": undefined,
            "now": undefined,
            "text": undefined,
          }
        }
        accessible={true}
        collapsable={false}
        focusable={true}
        onClick={[Function]}
        onResponderGrant={[Function]}
        onResponderMove={[Function]}
        onResponderRelease={[Function]}
        onResponderTerminate={[Function]}
        onResponderTerminationRequest={[Function]}
        onStartShouldSetResponder={[Function]}
        style={
          {
            "alignItems": "center",
            "justifyContent": "center",
            "marginHorizontal": 20,
            "opacity": 1,
          }
        }
      >
        <Text
          allowFontScaling={true}
          style={
            {
              "color": "#5E6678",
              "fontFamily": "Neotis",
              "fontSize": 36,
            }
          }
        >
          
        </Text>
      </View>
    </View>
    <View
      onFocusCapture={[Function]}
      onLayout={[Function]}
      style={
        [
          {
            "flexDirection": "row",
          },
          null,
        ]
      }
    >
      <View
        accessibilityLabel="carouselItem"
        accessibilityState={
          {
            "busy": undefined,
            "checked": undefined,
            "disabled": true,
            "expanded": undefined,
            "selected": undefined,
          }
        }
        accessibilityValue={
          {
            "max": undefined,
            "min": undefined,
            "now": undefined,
            "text": undefined,
          }
        }
        accessible={true}
        collapsable={false}
        focusable={true}
        onClick={[Function]}
        onResponderGrant={[Function]}
        onResponderMove={[Function]}
        onResponderRelease={[Function]}
        onResponderTerminate={[Function]}
        onResponderTerminationRequest={[Function]}
        onStartShouldSetResponder={[Function]}
        style={
          {
            "alignItems": "center",
            "justifyContent": "center",
            "marginHorizontal": 20,
            "opacity": 1,
          }
        }
      >
        <Text
          allowFontScaling={true}
          style={
            {
              "color": "#5E6678",
              "fontFamily": "Neotis",
              "fontSize": 36,
            }
          }
        >
          
        </Text>
      </View>
    </View>
    <View
      onFocusCapture={[Function]}
      onLayout={[Function]}
      style={
        [
          {
            "flexDirection": "row",
          },
          null,
        ]
      }
    >
      <View
        accessibilityLabel="carouselItem"
        accessibilityState={
          {
            "busy": undefined,
            "checked": undefined,
            "disabled": true,
            "expanded": undefined,
            "selected": undefined,
          }
        }
        accessibilityValue={
          {
            "max": undefined,
            "min": undefined,
            "now": undefined,
            "text": undefined,
          }
        }
        accessible={true}
        collapsable={false}
        focusable={true}
        onClick={[Function]}
        onResponderGrant={[Function]}
        onResponderMove={[Function]}
        onResponderRelease={[Function]}
        onResponderTerminate={[Function]}
        onResponderTerminationRequest={[Function]}
        onStartShouldSetResponder={[Function]}
        style={
          {
            "alignItems": "center",
            "justifyContent": "center",
            "marginHorizontal": 20,
            "opacity": 1,
          }
        }
      >
        <Text
          allowFontScaling={true}
          style={
            {
              "color": "#5E6678",
              "fontFamily": "Neotis",
              "fontSize": 36,
            }
          }
        >
          
        </Text>
      </View>
    </View>
    <View
      onFocusCapture={[Function]}
      onLayout={[Function]}
      style={
        [
          {
            "flexDirection": "row",
          },
          null,
        ]
      }
    >
      <View
        accessibilityLabel="carouselItem"
        accessibilityState={
          {
            "busy": undefined,
            "checked": undefined,
            "disabled": true,
            "expanded": undefined,
            "selected": undefined,
          }
        }
        accessibilityValue={
          {
            "max": undefined,
            "min": undefined,
            "now": undefined,
            "text": undefined,
          }
        }
        accessible={true}
        collapsable={false}
        focusable={true}
        onClick={[Function]}
        onResponderGrant={[Function]}
        onResponderMove={[Function]}
        onResponderRelease={[Function]}
        onResponderTerminate={[Function]}
        onResponderTerminationRequest={[Function]}
        onStartShouldSetResponder={[Function]}
        style={
          {
            "alignItems": "center",
            "justifyContent": "center",
            "marginHorizontal": 20,
            "opacity": 1,
          }
        }
      >
        <Text
          allowFontScaling={true}
          style={
            {
              "color": "#5E6678",
              "fontFamily": "Neotis",
              "fontSize": 36,
            }
          }
        >
          
        </Text>
      </View>
    </View>
    <View
      onFocusCapture={[Function]}
      onLayout={[Function]}
      style={
        [
          {
            "flexDirection": "row",
          },
          null,
        ]
      }
    >
      <View
        accessibilityLabel="carouselItem"
        accessibilityState={
          {
            "busy": undefined,
            "checked": undefined,
            "disabled": true,
            "expanded": undefined,
            "selected": undefined,
          }
        }
        accessibilityValue={
          {
            "max": undefined,
            "min": undefined,
            "now": undefined,
            "text": undefined,
          }
        }
        accessible={true}
        collapsable={false}
        focusable={true}
        onClick={[Function]}
        onResponderGrant={[Function]}
        onResponderMove={[Function]}
        onResponderRelease={[Function]}
        onResponderTerminate={[Function]}
        onResponderTerminationRequest={[Function]}
        onStartShouldSetResponder={[Function]}
        style={
          {
            "alignItems": "center",
            "justifyContent": "center",
            "marginHorizontal": 20,
            "opacity": 1,
          }
        }
      >
        <Text
          allowFontScaling={true}
          style={
            {
              "color": "#5E6678",
              "fontFamily": "Neotis",
              "fontSize": 36,
            }
          }
        >
          
        </Text>
      </View>
    </View>
    <View
      style={
        {
          "width": 0,
        }
      }
    />
  </View>
</RCTScrollView>
`;
