// Jest Snapshot v1, https://goo.gl/fbAQLP

exports[`@lad-tech/mobydick-core/TypographyLegacy renders default correctly 1`] = `
<Text
  allowFontScaling={true}
  style={
    [
      {
        "color": "#20242D",
        "fontFamily": "Inter-Regular",
        "fontSize": 15,
        "lineHeight": 19,
        "minHeight": 19,
      },
      undefined,
    ]
  }
>
  My Text
</Text>
`;
