// Jest Snapshot v1, https://goo.gl/fbAQLP

exports[`Rating change rating 1`] = `
<View
  style={
    {
      "flexDirection": "row",
    }
  }
>
  <View
    accessibilityLabel="ratingStarButton0"
    accessibilityState={
      {
        "busy": undefined,
        "checked": undefined,
        "disabled": undefined,
        "expanded": undefined,
        "selected": undefined,
      }
    }
    accessibilityValue={
      {
        "max": undefined,
        "min": undefined,
        "now": undefined,
        "text": undefined,
      }
    }
    accessible={true}
    collapsable={false}
    focusable={true}
    onClick={[Function]}
    onResponderGrant={[Function]}
    onResponderMove={[Function]}
    onResponderRelease={[Function]}
    onResponderTerminate={[Function]}
    onResponderTerminationRequest={[Function]}
    onStartShouldSetResponder={[Function]}
    style={
      {
        "opacity": 1,
      }
    }
  >
    <View
      collapsable={false}
      style={
        {
          "transform": [
            {
              "scale": 1,
            },
          ],
        }
      }
    >
      <SvgMock
        fill="#ffd712"
        height={40}
        width={40}
      />
    </View>
  </View>
  <View
    accessibilityLabel="ratingStarButton1"
    accessibilityState={
      {
        "busy": undefined,
        "checked": undefined,
        "disabled": undefined,
        "expanded": undefined,
        "selected": undefined,
      }
    }
    accessibilityValue={
      {
        "max": undefined,
        "min": undefined,
        "now": undefined,
        "text": undefined,
      }
    }
    accessible={true}
    collapsable={false}
    focusable={true}
    onClick={[Function]}
    onResponderGrant={[Function]}
    onResponderMove={[Function]}
    onResponderRelease={[Function]}
    onResponderTerminate={[Function]}
    onResponderTerminationRequest={[Function]}
    onStartShouldSetResponder={[Function]}
    style={
      {
        "opacity": 1,
      }
    }
  >
    <View
      collapsable={false}
      style={
        {
          "transform": [
            {
              "scale": 1,
            },
          ],
        }
      }
    >
      <SvgMock
        fill="#ffd712"
        height={40}
        width={40}
      />
    </View>
  </View>
  <View
    accessibilityLabel="ratingStarButton2"
    accessibilityState={
      {
        "busy": undefined,
        "checked": undefined,
        "disabled": undefined,
        "expanded": undefined,
        "selected": undefined,
      }
    }
    accessibilityValue={
      {
        "max": undefined,
        "min": undefined,
        "now": undefined,
        "text": undefined,
      }
    }
    accessible={true}
    collapsable={false}
    focusable={true}
    onClick={[Function]}
    onResponderGrant={[Function]}
    onResponderMove={[Function]}
    onResponderRelease={[Function]}
    onResponderTerminate={[Function]}
    onResponderTerminationRequest={[Function]}
    onStartShouldSetResponder={[Function]}
    style={
      {
        "opacity": 1,
      }
    }
  >
    <View
      collapsable={false}
      style={
        {
          "transform": [
            {
              "scale": 1,
            },
          ],
        }
      }
    >
      <SvgMock
        fill="#cccccc"
        height={40}
        width={40}
      />
    </View>
  </View>
  <View
    accessibilityLabel="ratingStarButton3"
    accessibilityState={
      {
        "busy": undefined,
        "checked": undefined,
        "disabled": undefined,
        "expanded": undefined,
        "selected": undefined,
      }
    }
    accessibilityValue={
      {
        "max": undefined,
        "min": undefined,
        "now": undefined,
        "text": undefined,
      }
    }
    accessible={true}
    collapsable={false}
    focusable={true}
    onClick={[Function]}
    onResponderGrant={[Function]}
    onResponderMove={[Function]}
    onResponderRelease={[Function]}
    onResponderTerminate={[Function]}
    onResponderTerminationRequest={[Function]}
    onStartShouldSetResponder={[Function]}
    style={
      {
        "opacity": 1,
      }
    }
  >
    <View
      collapsable={false}
      style={
        {
          "transform": [
            {
              "scale": 1,
            },
          ],
        }
      }
    >
      <SvgMock
        fill="#cccccc"
        height={40}
        width={40}
      />
    </View>
  </View>
  <View
    accessibilityLabel="ratingStarButton4"
    accessibilityState={
      {
        "busy": undefined,
        "checked": undefined,
        "disabled": undefined,
        "expanded": undefined,
        "selected": undefined,
      }
    }
    accessibilityValue={
      {
        "max": undefined,
        "min": undefined,
        "now": undefined,
        "text": undefined,
      }
    }
    accessible={true}
    collapsable={false}
    focusable={true}
    onClick={[Function]}
    onResponderGrant={[Function]}
    onResponderMove={[Function]}
    onResponderRelease={[Function]}
    onResponderTerminate={[Function]}
    onResponderTerminationRequest={[Function]}
    onStartShouldSetResponder={[Function]}
    style={
      {
        "opacity": 1,
      }
    }
  >
    <View
      collapsable={false}
      style={
        {
          "transform": [
            {
              "scale": 1,
            },
          ],
        }
      }
    >
      <SvgMock
        fill="#cccccc"
        height={40}
        width={40}
      />
    </View>
  </View>
</View>
`;

exports[`Rating change rating is disabled 1`] = `
<View
  style={
    {
      "flexDirection": "row",
    }
  }
>
  <View
    accessibilityLabel="ratingStarButton0"
    accessibilityState={
      {
        "busy": undefined,
        "checked": undefined,
        "disabled": true,
        "expanded": undefined,
        "selected": undefined,
      }
    }
    accessibilityValue={
      {
        "max": undefined,
        "min": undefined,
        "now": undefined,
        "text": undefined,
      }
    }
    accessible={true}
    collapsable={false}
    focusable={true}
    onClick={[Function]}
    onResponderGrant={[Function]}
    onResponderMove={[Function]}
    onResponderRelease={[Function]}
    onResponderTerminate={[Function]}
    onResponderTerminationRequest={[Function]}
    onStartShouldSetResponder={[Function]}
    style={
      {
        "opacity": 1,
      }
    }
  >
    <View
      collapsable={false}
      style={
        {
          "transform": [
            {
              "scale": 1,
            },
          ],
        }
      }
    >
      <SvgMock
        fill="#ffd712"
        height={40}
        width={40}
      />
    </View>
  </View>
  <View
    accessibilityLabel="ratingStarButton1"
    accessibilityState={
      {
        "busy": undefined,
        "checked": undefined,
        "disabled": true,
        "expanded": undefined,
        "selected": undefined,
      }
    }
    accessibilityValue={
      {
        "max": undefined,
        "min": undefined,
        "now": undefined,
        "text": undefined,
      }
    }
    accessible={true}
    collapsable={false}
    focusable={true}
    onClick={[Function]}
    onResponderGrant={[Function]}
    onResponderMove={[Function]}
    onResponderRelease={[Function]}
    onResponderTerminate={[Function]}
    onResponderTerminationRequest={[Function]}
    onStartShouldSetResponder={[Function]}
    style={
      {
        "opacity": 1,
      }
    }
  >
    <View
      collapsable={false}
      style={
        {
          "transform": [
            {
              "scale": 1,
            },
          ],
        }
      }
    >
      <SvgMock
        fill="#ffd712"
        height={40}
        width={40}
      />
    </View>
  </View>
  <View
    accessibilityLabel="ratingStarButton2"
    accessibilityState={
      {
        "busy": undefined,
        "checked": undefined,
        "disabled": true,
        "expanded": undefined,
        "selected": undefined,
      }
    }
    accessibilityValue={
      {
        "max": undefined,
        "min": undefined,
        "now": undefined,
        "text": undefined,
      }
    }
    accessible={true}
    collapsable={false}
    focusable={true}
    onClick={[Function]}
    onResponderGrant={[Function]}
    onResponderMove={[Function]}
    onResponderRelease={[Function]}
    onResponderTerminate={[Function]}
    onResponderTerminationRequest={[Function]}
    onStartShouldSetResponder={[Function]}
    style={
      {
        "opacity": 1,
      }
    }
  >
    <View
      collapsable={false}
      style={
        {
          "transform": [
            {
              "scale": 1,
            },
          ],
        }
      }
    >
      <SvgMock
        fill="#ffd712"
        height={40}
        width={40}
      />
    </View>
  </View>
  <View
    accessibilityLabel="ratingStarButton3"
    accessibilityState={
      {
        "busy": undefined,
        "checked": undefined,
        "disabled": true,
        "expanded": undefined,
        "selected": undefined,
      }
    }
    accessibilityValue={
      {
        "max": undefined,
        "min": undefined,
        "now": undefined,
        "text": undefined,
      }
    }
    accessible={true}
    collapsable={false}
    focusable={true}
    onClick={[Function]}
    onResponderGrant={[Function]}
    onResponderMove={[Function]}
    onResponderRelease={[Function]}
    onResponderTerminate={[Function]}
    onResponderTerminationRequest={[Function]}
    onStartShouldSetResponder={[Function]}
    style={
      {
        "opacity": 1,
      }
    }
  >
    <View
      collapsable={false}
      style={
        {
          "transform": [
            {
              "scale": 1,
            },
          ],
        }
      }
    >
      <SvgMock
        fill="#ffd712"
        height={40}
        width={40}
      />
    </View>
  </View>
  <View
    accessibilityLabel="ratingStarButton4"
    accessibilityState={
      {
        "busy": undefined,
        "checked": undefined,
        "disabled": true,
        "expanded": undefined,
        "selected": undefined,
      }
    }
    accessibilityValue={
      {
        "max": undefined,
        "min": undefined,
        "now": undefined,
        "text": undefined,
      }
    }
    accessible={true}
    collapsable={false}
    focusable={true}
    onClick={[Function]}
    onResponderGrant={[Function]}
    onResponderMove={[Function]}
    onResponderRelease={[Function]}
    onResponderTerminate={[Function]}
    onResponderTerminationRequest={[Function]}
    onStartShouldSetResponder={[Function]}
    style={
      {
        "opacity": 1,
      }
    }
  >
    <View
      collapsable={false}
      style={
        {
          "transform": [
            {
              "scale": 1,
            },
          ],
        }
      }
    >
      <SvgMock
        fill="#ffd712"
        height={40}
        width={40}
      />
    </View>
  </View>
</View>
`;

exports[`Rating render rating 0 1`] = `
<View
  style={
    {
      "flexDirection": "row",
    }
  }
/>
`;

exports[`Rating render rating 1 1`] = `
<View
  style={
    {
      "flexDirection": "row",
    }
  }
>
  <View
    accessibilityLabel="ratingStarButton0"
    accessibilityState={
      {
        "busy": undefined,
        "checked": undefined,
        "disabled": undefined,
        "expanded": undefined,
        "selected": undefined,
      }
    }
    accessibilityValue={
      {
        "max": undefined,
        "min": undefined,
        "now": undefined,
        "text": undefined,
      }
    }
    accessible={true}
    collapsable={false}
    focusable={true}
    onClick={[Function]}
    onResponderGrant={[Function]}
    onResponderMove={[Function]}
    onResponderRelease={[Function]}
    onResponderTerminate={[Function]}
    onResponderTerminationRequest={[Function]}
    onStartShouldSetResponder={[Function]}
    style={
      {
        "opacity": 1,
      }
    }
  >
    <View
      collapsable={false}
      style={
        {
          "transform": [
            {
              "scale": 1,
            },
          ],
        }
      }
    >
      <SvgMock
        fill="#ffd712"
        height={40}
        width={40}
      />
    </View>
  </View>
</View>
`;

exports[`Rating render rating 2 1`] = `
<View
  style={
    {
      "flexDirection": "row",
    }
  }
>
  <View
    accessibilityLabel="ratingStarButton0"
    accessibilityState={
      {
        "busy": undefined,
        "checked": undefined,
        "disabled": undefined,
        "expanded": undefined,
        "selected": undefined,
      }
    }
    accessibilityValue={
      {
        "max": undefined,
        "min": undefined,
        "now": undefined,
        "text": undefined,
      }
    }
    accessible={true}
    collapsable={false}
    focusable={true}
    onClick={[Function]}
    onResponderGrant={[Function]}
    onResponderMove={[Function]}
    onResponderRelease={[Function]}
    onResponderTerminate={[Function]}
    onResponderTerminationRequest={[Function]}
    onStartShouldSetResponder={[Function]}
    style={
      {
        "opacity": 1,
      }
    }
  >
    <View
      collapsable={false}
      style={
        {
          "transform": [
            {
              "scale": 1,
            },
          ],
        }
      }
    >
      <SvgMock
        fill="#ffd712"
        height={40}
        width={40}
      />
    </View>
  </View>
  <View
    accessibilityLabel="ratingStarButton1"
    accessibilityState={
      {
        "busy": undefined,
        "checked": undefined,
        "disabled": undefined,
        "expanded": undefined,
        "selected": undefined,
      }
    }
    accessibilityValue={
      {
        "max": undefined,
        "min": undefined,
        "now": undefined,
        "text": undefined,
      }
    }
    accessible={true}
    collapsable={false}
    focusable={true}
    onClick={[Function]}
    onResponderGrant={[Function]}
    onResponderMove={[Function]}
    onResponderRelease={[Function]}
    onResponderTerminate={[Function]}
    onResponderTerminationRequest={[Function]}
    onStartShouldSetResponder={[Function]}
    style={
      {
        "opacity": 1,
      }
    }
  >
    <View
      collapsable={false}
      style={
        {
          "transform": [
            {
              "scale": 1,
            },
          ],
        }
      }
    >
      <SvgMock
        fill="#ffd712"
        height={40}
        width={40}
      />
    </View>
  </View>
</View>
`;

exports[`Rating render rating 3 1`] = `
<View
  style={
    {
      "flexDirection": "row",
    }
  }
>
  <View
    accessibilityLabel="ratingStarButton0"
    accessibilityState={
      {
        "busy": undefined,
        "checked": undefined,
        "disabled": undefined,
        "expanded": undefined,
        "selected": undefined,
      }
    }
    accessibilityValue={
      {
        "max": undefined,
        "min": undefined,
        "now": undefined,
        "text": undefined,
      }
    }
    accessible={true}
    collapsable={false}
    focusable={true}
    onClick={[Function]}
    onResponderGrant={[Function]}
    onResponderMove={[Function]}
    onResponderRelease={[Function]}
    onResponderTerminate={[Function]}
    onResponderTerminationRequest={[Function]}
    onStartShouldSetResponder={[Function]}
    style={
      {
        "opacity": 1,
      }
    }
  >
    <View
      collapsable={false}
      style={
        {
          "transform": [
            {
              "scale": 1,
            },
          ],
        }
      }
    >
      <SvgMock
        fill="#ffd712"
        height={40}
        width={40}
      />
    </View>
  </View>
  <View
    accessibilityLabel="ratingStarButton1"
    accessibilityState={
      {
        "busy": undefined,
        "checked": undefined,
        "disabled": undefined,
        "expanded": undefined,
        "selected": undefined,
      }
    }
    accessibilityValue={
      {
        "max": undefined,
        "min": undefined,
        "now": undefined,
        "text": undefined,
      }
    }
    accessible={true}
    collapsable={false}
    focusable={true}
    onClick={[Function]}
    onResponderGrant={[Function]}
    onResponderMove={[Function]}
    onResponderRelease={[Function]}
    onResponderTerminate={[Function]}
    onResponderTerminationRequest={[Function]}
    onStartShouldSetResponder={[Function]}
    style={
      {
        "opacity": 1,
      }
    }
  >
    <View
      collapsable={false}
      style={
        {
          "transform": [
            {
              "scale": 1,
            },
          ],
        }
      }
    >
      <SvgMock
        fill="#ffd712"
        height={40}
        width={40}
      />
    </View>
  </View>
  <View
    accessibilityLabel="ratingStarButton2"
    accessibilityState={
      {
        "busy": undefined,
        "checked": undefined,
        "disabled": undefined,
        "expanded": undefined,
        "selected": undefined,
      }
    }
    accessibilityValue={
      {
        "max": undefined,
        "min": undefined,
        "now": undefined,
        "text": undefined,
      }
    }
    accessible={true}
    collapsable={false}
    focusable={true}
    onClick={[Function]}
    onResponderGrant={[Function]}
    onResponderMove={[Function]}
    onResponderRelease={[Function]}
    onResponderTerminate={[Function]}
    onResponderTerminationRequest={[Function]}
    onStartShouldSetResponder={[Function]}
    style={
      {
        "opacity": 1,
      }
    }
  >
    <View
      collapsable={false}
      style={
        {
          "transform": [
            {
              "scale": 1,
            },
          ],
        }
      }
    >
      <SvgMock
        fill="#ffd712"
        height={40}
        width={40}
      />
    </View>
  </View>
</View>
`;

exports[`Rating render rating 4 1`] = `
<View
  style={
    {
      "flexDirection": "row",
    }
  }
>
  <View
    accessibilityLabel="ratingStarButton0"
    accessibilityState={
      {
        "busy": undefined,
        "checked": undefined,
        "disabled": undefined,
        "expanded": undefined,
        "selected": undefined,
      }
    }
    accessibilityValue={
      {
        "max": undefined,
        "min": undefined,
        "now": undefined,
        "text": undefined,
      }
    }
    accessible={true}
    collapsable={false}
    focusable={true}
    onClick={[Function]}
    onResponderGrant={[Function]}
    onResponderMove={[Function]}
    onResponderRelease={[Function]}
    onResponderTerminate={[Function]}
    onResponderTerminationRequest={[Function]}
    onStartShouldSetResponder={[Function]}
    style={
      {
        "opacity": 1,
      }
    }
  >
    <View
      collapsable={false}
      style={
        {
          "transform": [
            {
              "scale": 1,
            },
          ],
        }
      }
    >
      <SvgMock
        fill="#ffd712"
        height={40}
        width={40}
      />
    </View>
  </View>
  <View
    accessibilityLabel="ratingStarButton1"
    accessibilityState={
      {
        "busy": undefined,
        "checked": undefined,
        "disabled": undefined,
        "expanded": undefined,
        "selected": undefined,
      }
    }
    accessibilityValue={
      {
        "max": undefined,
        "min": undefined,
        "now": undefined,
        "text": undefined,
      }
    }
    accessible={true}
    collapsable={false}
    focusable={true}
    onClick={[Function]}
    onResponderGrant={[Function]}
    onResponderMove={[Function]}
    onResponderRelease={[Function]}
    onResponderTerminate={[Function]}
    onResponderTerminationRequest={[Function]}
    onStartShouldSetResponder={[Function]}
    style={
      {
        "opacity": 1,
      }
    }
  >
    <View
      collapsable={false}
      style={
        {
          "transform": [
            {
              "scale": 1,
            },
          ],
        }
      }
    >
      <SvgMock
        fill="#ffd712"
        height={40}
        width={40}
      />
    </View>
  </View>
  <View
    accessibilityLabel="ratingStarButton2"
    accessibilityState={
      {
        "busy": undefined,
        "checked": undefined,
        "disabled": undefined,
        "expanded": undefined,
        "selected": undefined,
      }
    }
    accessibilityValue={
      {
        "max": undefined,
        "min": undefined,
        "now": undefined,
        "text": undefined,
      }
    }
    accessible={true}
    collapsable={false}
    focusable={true}
    onClick={[Function]}
    onResponderGrant={[Function]}
    onResponderMove={[Function]}
    onResponderRelease={[Function]}
    onResponderTerminate={[Function]}
    onResponderTerminationRequest={[Function]}
    onStartShouldSetResponder={[Function]}
    style={
      {
        "opacity": 1,
      }
    }
  >
    <View
      collapsable={false}
      style={
        {
          "transform": [
            {
              "scale": 1,
            },
          ],
        }
      }
    >
      <SvgMock
        fill="#ffd712"
        height={40}
        width={40}
      />
    </View>
  </View>
  <View
    accessibilityLabel="ratingStarButton3"
    accessibilityState={
      {
        "busy": undefined,
        "checked": undefined,
        "disabled": undefined,
        "expanded": undefined,
        "selected": undefined,
      }
    }
    accessibilityValue={
      {
        "max": undefined,
        "min": undefined,
        "now": undefined,
        "text": undefined,
      }
    }
    accessible={true}
    collapsable={false}
    focusable={true}
    onClick={[Function]}
    onResponderGrant={[Function]}
    onResponderMove={[Function]}
    onResponderRelease={[Function]}
    onResponderTerminate={[Function]}
    onResponderTerminationRequest={[Function]}
    onStartShouldSetResponder={[Function]}
    style={
      {
        "opacity": 1,
      }
    }
  >
    <View
      collapsable={false}
      style={
        {
          "transform": [
            {
              "scale": 1,
            },
          ],
        }
      }
    >
      <SvgMock
        fill="#ffd712"
        height={40}
        width={40}
      />
    </View>
  </View>
</View>
`;

exports[`Rating render rating 5 1`] = `
<View
  style={
    {
      "flexDirection": "row",
    }
  }
>
  <View
    accessibilityLabel="ratingStarButton0"
    accessibilityState={
      {
        "busy": undefined,
        "checked": undefined,
        "disabled": undefined,
        "expanded": undefined,
        "selected": undefined,
      }
    }
    accessibilityValue={
      {
        "max": undefined,
        "min": undefined,
        "now": undefined,
        "text": undefined,
      }
    }
    accessible={true}
    collapsable={false}
    focusable={true}
    onClick={[Function]}
    onResponderGrant={[Function]}
    onResponderMove={[Function]}
    onResponderRelease={[Function]}
    onResponderTerminate={[Function]}
    onResponderTerminationRequest={[Function]}
    onStartShouldSetResponder={[Function]}
    style={
      {
        "opacity": 1,
      }
    }
  >
    <View
      collapsable={false}
      style={
        {
          "transform": [
            {
              "scale": 1,
            },
          ],
        }
      }
    >
      <SvgMock
        fill="#ffd712"
        height={40}
        width={40}
      />
    </View>
  </View>
  <View
    accessibilityLabel="ratingStarButton1"
    accessibilityState={
      {
        "busy": undefined,
        "checked": undefined,
        "disabled": undefined,
        "expanded": undefined,
        "selected": undefined,
      }
    }
    accessibilityValue={
      {
        "max": undefined,
        "min": undefined,
        "now": undefined,
        "text": undefined,
      }
    }
    accessible={true}
    collapsable={false}
    focusable={true}
    onClick={[Function]}
    onResponderGrant={[Function]}
    onResponderMove={[Function]}
    onResponderRelease={[Function]}
    onResponderTerminate={[Function]}
    onResponderTerminationRequest={[Function]}
    onStartShouldSetResponder={[Function]}
    style={
      {
        "opacity": 1,
      }
    }
  >
    <View
      collapsable={false}
      style={
        {
          "transform": [
            {
              "scale": 1,
            },
          ],
        }
      }
    >
      <SvgMock
        fill="#ffd712"
        height={40}
        width={40}
      />
    </View>
  </View>
  <View
    accessibilityLabel="ratingStarButton2"
    accessibilityState={
      {
        "busy": undefined,
        "checked": undefined,
        "disabled": undefined,
        "expanded": undefined,
        "selected": undefined,
      }
    }
    accessibilityValue={
      {
        "max": undefined,
        "min": undefined,
        "now": undefined,
        "text": undefined,
      }
    }
    accessible={true}
    collapsable={false}
    focusable={true}
    onClick={[Function]}
    onResponderGrant={[Function]}
    onResponderMove={[Function]}
    onResponderRelease={[Function]}
    onResponderTerminate={[Function]}
    onResponderTerminationRequest={[Function]}
    onStartShouldSetResponder={[Function]}
    style={
      {
        "opacity": 1,
      }
    }
  >
    <View
      collapsable={false}
      style={
        {
          "transform": [
            {
              "scale": 1,
            },
          ],
        }
      }
    >
      <SvgMock
        fill="#ffd712"
        height={40}
        width={40}
      />
    </View>
  </View>
  <View
    accessibilityLabel="ratingStarButton3"
    accessibilityState={
      {
        "busy": undefined,
        "checked": undefined,
        "disabled": undefined,
        "expanded": undefined,
        "selected": undefined,
      }
    }
    accessibilityValue={
      {
        "max": undefined,
        "min": undefined,
        "now": undefined,
        "text": undefined,
      }
    }
    accessible={true}
    collapsable={false}
    focusable={true}
    onClick={[Function]}
    onResponderGrant={[Function]}
    onResponderMove={[Function]}
    onResponderRelease={[Function]}
    onResponderTerminate={[Function]}
    onResponderTerminationRequest={[Function]}
    onStartShouldSetResponder={[Function]}
    style={
      {
        "opacity": 1,
      }
    }
  >
    <View
      collapsable={false}
      style={
        {
          "transform": [
            {
              "scale": 1,
            },
          ],
        }
      }
    >
      <SvgMock
        fill="#ffd712"
        height={40}
        width={40}
      />
    </View>
  </View>
  <View
    accessibilityLabel="ratingStarButton4"
    accessibilityState={
      {
        "busy": undefined,
        "checked": undefined,
        "disabled": undefined,
        "expanded": undefined,
        "selected": undefined,
      }
    }
    accessibilityValue={
      {
        "max": undefined,
        "min": undefined,
        "now": undefined,
        "text": undefined,
      }
    }
    accessible={true}
    collapsable={false}
    focusable={true}
    onClick={[Function]}
    onResponderGrant={[Function]}
    onResponderMove={[Function]}
    onResponderRelease={[Function]}
    onResponderTerminate={[Function]}
    onResponderTerminationRequest={[Function]}
    onStartShouldSetResponder={[Function]}
    style={
      {
        "opacity": 1,
      }
    }
  >
    <View
      collapsable={false}
      style={
        {
          "transform": [
            {
              "scale": 1,
            },
          ],
        }
      }
    >
      <SvgMock
        fill="#ffd712"
        height={40}
        width={40}
      />
    </View>
  </View>
</View>
`;
