// Jest Snapshot v1, https://goo.gl/fbAQLP

exports[`@lad-tech/mobydick-core/CloseIcon should renders correctly 1`] = `
<View
  accessibilityState={
    {
      "busy": undefined,
      "checked": undefined,
      "disabled": undefined,
      "expanded": undefined,
      "selected": undefined,
    }
  }
  accessibilityValue={
    {
      "max": undefined,
      "min": undefined,
      "now": undefined,
      "text": undefined,
    }
  }
  accessible={true}
  collapsable={false}
  focusable={true}
  onClick={[Function]}
  onResponderGrant={[Function]}
  onResponderMove={[Function]}
  onResponderRelease={[Function]}
  onResponderTerminate={[Function]}
  onResponderTerminationRequest={[Function]}
  onStartShouldSetResponder={[Function]}
  style={
    {
      "alignSelf": "flex-end",
      "justifyContent": "center",
      "opacity": 1,
      "position": "absolute",
      "right": 24,
      "top": 24,
      "zIndex": 2,
    }
  }
>
  <Text
    allowFontScaling={true}
    style={
      {
        "color": "#5E6678",
        "fontFamily": "Neotis",
        "fontSize": 36,
      }
    }
  >
    î¨ž
  </Text>
</View>
`;
