// Jest Snapshot v1, https://goo.gl/fbAQLP

exports[`@lad-tech/mobydick-core/ModalBase should renders correctly 1`] = `
<View
  accessibilityState={
    {
      "busy": undefined,
      "checked": undefined,
      "disabled": undefined,
      "expanded": undefined,
      "selected": undefined,
    }
  }
  accessibilityValue={
    {
      "max": undefined,
      "min": undefined,
      "now": undefined,
      "text": undefined,
    }
  }
  accessible={true}
  collapsable={false}
  focusable={true}
  onBlur={[Function]}
  onClick={[Function]}
  onFocus={[Function]}
  onResponderGrant={[Function]}
  onResponderMove={[Function]}
  onResponderRelease={[Function]}
  onResponderTerminate={[Function]}
  onResponderTerminationRequest={[Function]}
  onStartShouldSetResponder={[Function]}
  style={
    [
      {
        "alignItems": "center",
        "backgroundColor": "rgba(21, 28, 44, 0.2)",
        "height": "100%",
        "position": "absolute",
        "width": "100%",
      },
      [
        {
          "justifyContent": "flex-end",
        },
        undefined,
      ],
    ]
  }
  testID="Pressable"
>
  <View
    onStartShouldSetResponder={[Function]}
    style={
      [
        {
          "alignItems": "center",
          "backgroundColor": "#FFFFFF",
          "borderRadius": 12,
          "justifyContent": "center",
          "marginVertical": 20,
          "paddingHorizontal": 20,
          "paddingVertical": 24,
          "width": 734,
        },
        undefined,
      ]
    }
  />
</View>
`;
