// Jest Snapshot v1, https://goo.gl/fbAQLP

exports[`@lad-tech/mobydick-core/modalBase should renders correctly VerticalButtonsView one button 1`] = `
<View
  style={
    {
      "alignItems": "center",
      "alignSelf": "stretch",
      "marginTop": 20,
    }
  }
>
  <View
    accessibilityState={
      {
        "busy": undefined,
        "checked": undefined,
        "disabled": false,
        "expanded": undefined,
        "selected": undefined,
      }
    }
    accessibilityValue={
      {
        "max": undefined,
        "min": undefined,
        "now": undefined,
        "text": undefined,
      }
    }
    accessible={true}
    collapsable={false}
    focusable={true}
    onClick={[Function]}
    onResponderGrant={[Function]}
    onResponderMove={[Function]}
    onResponderRelease={[Function]}
    onResponderTerminate={[Function]}
    onResponderTerminationRequest={[Function]}
    onStartShouldSetResponder={[Function]}
    style={
      {
        "alignItems": "center",
        "alignSelf": "stretch",
        "backgroundColor": "#F54C3D",
        "borderRadius": 12,
        "flexDirection": "row",
        "justifyContent": "center",
        "minHeight": 48,
        "opacity": 1,
      }
    }
  >
    <Text
      allowFontScaling={true}
      style={
        [
          {
            "color": "#FFFFFF",
            "fontFamily": "Inter-SemiBold",
            "fontSize": 16,
            "fontWeight": "600",
            "lineHeight": 20,
            "minHeight": 20,
          },
          [
            {
              "paddingHorizontal": 6,
            },
            undefined,
          ],
        ]
      }
    >
      text
    </Text>
  </View>
</View>
`;
